// Jest Snapshot v1, https://goo.gl/fbAQLP

exports[`Report component renders 1`] = `"<div class=\\"main Report\\"><span>Hello, user</span><div class=\\"StatementUploader\\"><label>Add a bank statement: <input type=\\"file\\" name=\\"file\\"></label><label>Bank:<select name=\\"type\\"><option value=\\"\\">Please select</option><option value=\\"lloyds\\" selected=\\"\\">Lloyds Bank</option><option value=\\"hsbc\\">HSBC</option><option value=\\"fairfx-corp\\">FairFX Corp</option><option value=\\"midata\\">Midata</option><option value=\\"rbs\\">RBS (UNTESTED)</option></select></label><input type=\\"submit\\"></div><div class=\\"clearfix mt-5\\"><div class=\\"float-left\\"><a class=\\"btn-outline-primary btn\\" role=\\"button\\" href=\\"/report/201712\\">Previous period</a></div><div class=\\"float-right\\"><a class=\\"btn-outline-primary btn\\" role=\\"button\\" href=\\"/report/201802\\">Next period</a></div></div><div class=\\"text-center\\"><a class=\\"btn-outline-primary btn\\" role=\\"button\\" href=\\"/report/201807\\">This month</a></div><div class=\\"text-center mt-2\\"><h1>Currently viewing: Jan 2018</h1></div><div class=\\"jumbotron mt-5 text-center\\"><h1 class=\\"display-3\\">Nothing here</h1><p class=\\"lead\\">You have no transactions for this period.</p><a class=\\"btn-outline-primary btn\\" role=\\"button\\" href=\\"/report/201805\\">Go back to current month</a></div></div>"`;
